{"manifest": "/mnt/data/home/zhuzichao/2026_TPAMI_InfiniGeometry/third_party/MoGe-3/experiment/exp7_ssr_thin_structure_training/data/manifest.json", "counts": {"train": 24, "val": 16, "test": 16}, "scene_counts": {"train": 23, "val": 2, "test": 2}, "total_bytes": 23676358}
{"step": 1, "loss": 0.24729010462760925, "grad_norm": 0.6289597749710083, "best_step": 0, "best_val_point_rel": 0.08903866010950878, "elapsed_seconds": 6.3954027749132365, "k1/global": 0.04739970713853836, "k1/local": 0.03400128800421953, "k1/edge": 0.000797702930867672, "k2/global": 0.04739970713853836, "k2/local": 0.030647744424641132, "k2/edge": 0.000797702930867672, "k3/global": 0.04739970713853836, "k3/local": 0.03804884012788534, "k3/edge": 0.000797702930867672}
{"step": 20, "loss": 0.14796805754303932, "grad_norm": 0.5062843561172485, "best_step": 0, "best_val_point_rel": 0.08903866010950878, "elapsed_seconds": 28.756060637068003, "k1/global": 0.030389091931283474, "k1/local": 0.018776644952595234, "k1/edge": 0.0007407852972391993, "k2/global": 0.030133881606161594, "k2/local": 0.017571033909916878, "k2/edge": 0.0007943881500978023, "k3/global": 0.02989897597581148, "k3/local": 0.01882399059832096, "k3/edge": 0.000839260988868773}
{"step": 40, "loss": 0.11217015609145164, "grad_norm": 0.44170746207237244, "best_step": 0, "best_val_point_rel": 0.08903866010950878, "elapsed_seconds": 53.24560876796022, "k1/global": 0.017572614364326, "k1/local": 0.018752303905785084, "k1/edge": 0.0006815938104409724, "k2/global": 0.017319520004093647, "k2/local": 0.01991145685315132, "k2/edge": 0.0007271420035976917, "k3/global": 0.017268644645810127, "k3/local": 0.019165209960192442, "k3/edge": 0.0007716685358900577}
{"step": 60, "loss": 0.11457152664661407, "grad_norm": 0.9358155727386475, "best_step": 0, "best_val_point_rel": 0.08903866010950878, "elapsed_seconds": 77.4751407110598, "k1/global": 0.019191651605069637, "k1/local": 0.01958956941962242, "k1/edge": 0.0006463215104304254, "k2/global": 0.018747386522591114, "k2/local": 0.01666637323796749, "k2/edge": 0.0006885385082568973, "k3/global": 0.018342371098697186, "k3/local": 0.019977868534624577, "k3/edge": 0.0007214456563815475}
{"step": 80, "loss": 0.23135779425501823, "grad_norm": 0.7668743133544922, "best_step": 0, "best_val_point_rel": 0.08903866010950878, "elapsed_seconds": 101.52020101691596, "k1/global": 0.0465073361992836, "k1/local": 0.029677243903279305, "k1/edge": 0.0007857964665163308, "k2/global": 0.045764329843223095, "k2/local": 0.03063199296593666, "k2/edge": 0.0008345521055161953, "k3/global": 0.04537291266024113, "k3/local": 0.030904934741556644, "k3/edge": 0.0008786869584582746}
{"step": 100, "loss": 0.20115730166435242, "grad_norm": 0.4436483085155487, "best_step": 0, "best_val_point_rel": 0.08903866010950878, "elapsed_seconds": 125.64479777705856, "k1/global": 0.037860273383557796, "k1/local": 0.027552700601518154, "k1/edge": 0.0007086872356012464, "k2/global": 0.0377704706043005, "k2/local": 0.029158289544284344, "k2/edge": 0.0007373201660811901, "k3/global": 0.0377331143245101, "k3/local": 0.02887445967644453, "k3/edge": 0.0007619881071150303}
{"step": 120, "loss": 0.28034816682338715, "grad_norm": 0.9338122010231018, "best_step": 0, "best_val_point_rel": 0.08903866010950878, "elapsed_seconds": 149.6078620189801, "k1/global": 0.05428997427225113, "k1/local": 0.020236113108694553, "k1/edge": 0.00087817243183963, "k2/global": 0.05360924080014229, "k2/local": 0.07587387040257454, "k2/edge": 0.0009330700850114226, "k3/global": 0.05308861844241619, "k3/local": 0.020453414414077997, "k3/edge": 0.000985696038696915}
{"step": 140, "loss": 0.21559494733810425, "grad_norm": 1.068145751953125, "best_step": 0, "best_val_point_rel": 0.08903866010950878, "elapsed_seconds": 173.78277169005014, "k1/global": 0.04033456742763519, "k1/local": 0.03034948091953993, "k1/edge": 0.0007919153722468764, "k2/global": 0.03986585885286331, "k2/local": 0.03101419284939766, "k2/edge": 0.0008215699053835124, "k3/global": 0.039474038407206535, "k3/local": 0.03209111839532852, "k3/edge": 0.0008521941490471363}
{"step": 160, "loss": 0.12609805911779404, "grad_norm": 0.9610594511032104, "best_step": 0, "best_val_point_rel": 0.08903866010950878, "elapsed_seconds": 197.64365184004419, "k1/global": 0.02225858625024557, "k1/local": 0.01843013521283865, "k1/edge": 0.0006864126189611852, "k2/global": 0.021298881620168686, "k2/local": 0.02055894210934639, "k2/edge": 0.0007357045833487064, "k3/global": 0.020710133016109467, "k3/local": 0.020639149472117424, "k3/edge": 0.0007801135652698576}
{"step": 180, "loss": 0.17853234335780144, "grad_norm": 0.9433541893959045, "best_step": 0, "best_val_point_rel": 0.08903866010950878, "elapsed_seconds": 222.14530749688856, "k1/global": 0.027783941477537155, "k1/local": 0.03225429728627205, "k1/edge": 0.0007881329511292279, "k2/global": 0.026757873594760895, "k2/local": 0.03105117566883564, "k2/edge": 0.0008423832186963409, "k3/global": 0.026246379129588604, "k3/local": 0.031921837478876114, "k3/edge": 0.0008863183320499957}
{"step": 200, "loss": 0.24253243207931519, "grad_norm": 0.6748207211494446, "best_step": 0, "best_val_point_rel": 0.08903866010950878, "elapsed_seconds": 252.6272538250778, "k1/global": 0.0451611652970314, "k1/local": 0.037787048146128654, "k1/edge": 0.0008792754379101098, "k2/global": 0.04356553265824914, "k2/local": 0.03085233084857464, "k2/edge": 0.0009426770848222077, "k3/global": 0.04279122408479452, "k3/local": 0.0395535109564662, "k3/edge": 0.0009996653534471989}
{"step": 220, "loss": 0.12291441485285759, "grad_norm": 0.9378111362457275, "best_step": 0, "best_val_point_rel": 0.08903866010950878, "elapsed_seconds": 276.96551688807085, "k1/global": 0.021244450472295284, "k1/local": 0.021066772751510143, "k1/edge": 0.0007075857429299504, "k2/global": 0.019647599197924137, "k2/local": 0.01869042683392763, "k2/edge": 0.0007647169113624841, "k3/global": 0.01880081882700324, "k3/local": 0.021179608069360256, "k3/edge": 0.0008124338637571782}
{"step": 240, "loss": 0.3061867505311966, "grad_norm": 0.3685806095600128, "best_step": 0, "best_val_point_rel": 0.08903866010950878, "elapsed_seconds": 300.97351871593855, "k1/global": 0.04532618075609207, "k1/local": 0.05530780926346779, "k1/edge": 0.0008543476869817823, "k2/global": 0.04499185457825661, "k2/local": 0.0545298270881176, "k2/edge": 0.0009029578068293631, "k3/global": 0.04513143375515938, "k3/local": 0.05819552578032017, "k3/edge": 0.0009468021453358233}
{"step": 260, "loss": 0.32712359726428986, "grad_norm": 2.9292142391204834, "best_step": 0, "best_val_point_rel": 0.08903866010950878, "elapsed_seconds": 324.5935062400531, "k1/global": 0.06476505659520626, "k1/local": 0.08353978395462036, "k1/edge": 0.0009935556154232472, "k2/global": 0.06194482930004597, "k2/local": 0.02686212258413434, "k2/edge": 0.0010698410915210843, "k3/global": 0.05937173031270504, "k3/local": 0.02743746479973197, "k3/edge": 0.001139216125011444}
{"step": 280, "loss": 0.2554783746600151, "grad_norm": 0.6270294785499573, "best_step": 0, "best_val_point_rel": 0.08903866010950878, "elapsed_seconds": 348.2887226738967, "k1/global": 0.03370608016848564, "k1/local": 0.05013003572821617, "k1/edge": 0.0008880486711859703, "k2/global": 0.03281559608876705, "k2/local": 0.05093850567936897, "k2/edge": 0.0009491966629866511, "k3/global": 0.03232422657310963, "k3/local": 0.052725281566381454, "k3/edge": 0.0010013961582444608}
{"step": 300, "loss": 0.21423281356692314, "grad_norm": 2.0224881172180176, "best_step": 0, "best_val_point_rel": 0.08903866010950878, "elapsed_seconds": 372.25847439607605, "k1/global": 0.0340441195294261, "k1/local": 0.07114008255302906, "k1/edge": 0.0009589865803718567, "k2/global": 0.03217085171490908, "k2/local": 0.018840388394892216, "k2/edge": 0.0010877494933083653, "k3/global": 0.03465090785175562, "k3/local": 0.020157338120043278, "k3/edge": 0.0011823938111774623}
{"step": 320, "loss": 0.1616298370063305, "grad_norm": 0.5943910479545593, "best_step": 0, "best_val_point_rel": 0.08903866010950878, "elapsed_seconds": 396.00231477292255, "k1/global": 0.03236874658614397, "k1/local": 0.01889569964259863, "k1/edge": 0.0008133113733492792, "k2/global": 0.029117749072611332, "k2/local": 0.028302649036049843, "k2/edge": 0.0009621785720810294, "k3/global": 0.02901202579960227, "k3/local": 0.021099163219332695, "k3/edge": 0.0010583159164525568}
{"step": 340, "loss": 0.15598546713590622, "grad_norm": 0.6322993040084839, "best_step": 0, "best_val_point_rel": 0.08903866010950878, "elapsed_seconds": 419.9985087029636, "k1/global": 0.027871803380548954, "k1/local": 0.023753749206662178, "k1/edge": 0.001197615114506334, "k2/global": 0.026509316638112068, "k2/local": 0.024911127984523773, "k2/edge": 0.0013615154894068837, "k3/global": 0.026157534681260586, "k3/local": 0.022803766652941704, "k3/edge": 0.001419045845977962}
{"step": 360, "loss": 0.14646416157484055, "grad_norm": 2.5279908180236816, "best_step": 0, "best_val_point_rel": 0.08903866010950878, "elapsed_seconds": 444.5840260318946, "k1/global": 0.016840157099068165, "k1/local": 0.029690838418900967, "k1/edge": 0.0015376554802060127, "k2/global": 0.017781519331037998, "k2/local": 0.026201843284070492, "k2/edge": 0.0016268822946585715, "k3/global": 0.020708140917122364, "k3/local": 0.03037308342754841, "k3/edge": 0.0017040373641066253}
{"step": 380, "loss": 56.17938995361328, "grad_norm": 44185.24609375, "best_step": 0, "best_val_point_rel": 0.08903866010950878, "elapsed_seconds": 477.84641361702234, "k1/global": 0.3153616040945053, "k1/local": 0.5113538205623627, "k1/edge": 0.0023609213531017303, "k2/global": 0.8896097093820572, "k2/local": 2.0620982348918915, "k2/edge": 0.0023856739280745387, "k3/global": 48.93217468261719, "k3/local": 3.4612669944763184, "k3/edge": 0.0027756000636145473}
Traceback (most recent call last):
  File "<frozen runpy>", line 198, in _run_module_as_main
  File "<frozen runpy>", line 88, in _run_code
  File "/mnt/data/home/zhuzichao/2026_TPAMI_InfiniGeometry/third_party/MoGe-3/moge/scripts/train_hypersim_generalization_v3.py", line 1191, in <module>
    main()
  File "/mnt/data/home/zhuzichao/2026_TPAMI_InfiniGeometry/third_party/MoGe-3/moge/scripts/train_hypersim_generalization_v3.py", line 763, in main
    microbatch_loss, microbatch_terms = geometry_loss(
                                        ^^^^^^^^^^^^^^
  File "/mnt/data/home/zhuzichao/2026_TPAMI_InfiniGeometry/third_party/MoGe-3/moge/scripts/overfit_hypersim_v3.py", line 117, in geometry_loss
    global_per_image, alignment = affine_invariant_global_loss_v3(points, gt_points)
                                  ^^^^^^^^^^^^^^^^^^^^^^^^^^^^^^^^^^^^^^^^^^^^^^^^^^
  File "/mnt/data/home/zhuzichao/2026_TPAMI_InfiniGeometry/third_party/MoGe-3/moge/train/losses_v3.py", line 80, in affine_invariant_global_loss_v3
    alignment = solve_global_affine_alignment(
                ^^^^^^^^^^^^^^^^^^^^^^^^^^^^^^
  File "/mnt/data/home/zhuzichao/2026_TPAMI_InfiniGeometry/third_party/MoGe-3/moge/train/losses_v3.py", line 49, in solve_global_affine_alignment
    solved_scale, solved_shift = align_points_scale_z_shift(
                                 ^^^^^^^^^^^^^^^^^^^^^^^^^^^
  File "/mnt/data/home/zhuzichao/2026_TPAMI_InfiniGeometry/third_party/MoGe-3/moge/utils/alignment.py", line 280, in align_points_scale_z_shift
    points_tgt_anchored = points_tgt[anchor_where_batch, :, :] - points_tgt_anchor[..., None, :]    # (anchors, n, 3)
                          ~~~~~~~~~~~~~~~~~~~~~~~~~~~~~~~~~~~~~^~~~~~~~~~~~~~~~~~~~~~~~~~~~~~~~~
torch.OutOfMemoryError: CUDA out of memory. Tried to allocate 192.00 MiB. GPU 0 has a total capacity of 47.37 GiB of which 283.00 MiB is free. Process 2345993 has 14.81 GiB memory in use. Including non-PyTorch memory, this process has 32.24 GiB memory in use. Of the allocated memory 29.77 GiB is allocated by PyTorch, and 1.96 GiB is reserved by PyTorch but unallocated. If reserved but unallocated memory is large try setting PYTORCH_CUDA_ALLOC_CONF=expandable_segments:True to avoid fragmentation.  See documentation for Memory Management  (https://pytorch.org/docs/stable/notes/cuda.html#environment-variables)
