{"step": 1, "stage": "detached_warmup", "loss": 1.1551441550254822, "grad_norm": 0.5884918570518494, "learning_rates": {"ssr": 2e-05, "heads": 1e-05, "backbone": 0.0}, "best_step": 0, "best_val_k3_point_rel": 0.06414470527670346, "elapsed_seconds": 4.832557616988197}
{"step": 25, "stage": "detached_warmup", "loss": 0.10828365013003349, "grad_norm": 0.7664178609848022, "learning_rates": {"ssr": 2e-05, "heads": 1e-05, "backbone": 0.0}, "best_step": 0, "best_val_k3_point_rel": 0.06414470527670346, "elapsed_seconds": 41.88817244488746}
{"step": 50, "stage": "detached_warmup", "loss": 0.12736278772354126, "grad_norm": 1.3014434576034546, "learning_rates": {"ssr": 2e-05, "heads": 1e-05, "backbone": 0.0}, "best_step": 0, "best_val_k3_point_rel": 0.06414470527670346, "elapsed_seconds": 80.23264523386024}
{"step": 75, "stage": "detached_warmup", "loss": 0.1418118178844452, "grad_norm": 1.4345237016677856, "learning_rates": {"ssr": 2e-05, "heads": 1e-05, "backbone": 0.0}, "best_step": 0, "best_val_k3_point_rel": 0.06414470527670346, "elapsed_seconds": 118.08919893298298}
{"step": 100, "stage": "detached_warmup", "loss": 0.9436961635947227, "grad_norm": 0.952059268951416, "learning_rates": {"ssr": 2e-05, "heads": 1e-05, "backbone": 0.0}, "best_step": 0, "best_val_k3_point_rel": 0.06414470527670346, "elapsed_seconds": 155.60895447689109}
{"step": 125, "stage": "detached_warmup", "loss": 0.5734412111341953, "grad_norm": 2.1036171913146973, "learning_rates": {"ssr": 2e-05, "heads": 1e-05, "backbone": 1.25e-07}, "best_step": 0, "best_val_k3_point_rel": 0.06414470527670346, "elapsed_seconds": 197.8473586528562}
{"step": 150, "stage": "detached_warmup", "loss": 0.15135550498962402, "grad_norm": 1.7270427942276, "learning_rates": {"ssr": 2e-05, "heads": 1e-05, "backbone": 2.5e-07}, "best_step": 0, "best_val_k3_point_rel": 0.06414470527670346, "elapsed_seconds": 241.05374993104488}
{"step": 175, "stage": "detached_warmup", "loss": 0.11873994767665863, "grad_norm": 1.884934663772583, "learning_rates": {"ssr": 2e-05, "heads": 1e-05, "backbone": 3.7499999999999996e-07}, "best_step": 0, "best_val_k3_point_rel": 0.06414470527670346, "elapsed_seconds": 283.8038534009829}
{"step": 200, "stage": "detached_warmup", "loss": 0.10103192180395126, "grad_norm": 4.0081024169921875, "learning_rates": {"ssr": 2e-05, "heads": 1e-05, "backbone": 5e-07}, "best_step": 0, "best_val_k3_point_rel": 0.06414470527670346, "elapsed_seconds": 326.67978817387484}
{"step": 225, "stage": "detached_warmup", "loss": 0.04470313061028719, "grad_norm": 1.559869647026062, "learning_rates": {"ssr": 2e-05, "heads": 1e-05, "backbone": 5e-07}, "best_step": 0, "best_val_k3_point_rel": 0.06414470527670346, "elapsed_seconds": 369.809832012048}
{"step": 250, "stage": "detached_warmup", "loss": 0.12462792545557022, "grad_norm": 1.3939448595046997, "learning_rates": {"ssr": 2e-05, "heads": 1e-05, "backbone": 5e-07}, "best_step": 250, "best_val_k3_point_rel": 0.06269239947141614, "elapsed_seconds": 457.63565580989234}
{"step": 275, "stage": "detached_warmup", "loss": 0.10414492711424828, "grad_norm": 1.8065413236618042, "learning_rates": {"ssr": 2e-05, "heads": 1e-05, "backbone": 5e-07}, "best_step": 250, "best_val_k3_point_rel": 0.06269239947141614, "elapsed_seconds": 500.52326592686586}
{"step": 300, "stage": "detached_warmup", "loss": 0.11633092910051346, "grad_norm": 2.411217451095581, "learning_rates": {"ssr": 2e-05, "heads": 1e-05, "backbone": 5e-07}, "best_step": 250, "best_val_k3_point_rel": 0.06269239947141614, "elapsed_seconds": 543.2665108218789}
{"step": 325, "stage": "detached_warmup", "loss": 0.049017819575965405, "grad_norm": 1.1197748184204102, "learning_rates": {"ssr": 2e-05, "heads": 1e-05, "backbone": 5e-07}, "best_step": 250, "best_val_k3_point_rel": 0.06269239947141614, "elapsed_seconds": 586.407668141881}
{"step": 350, "stage": "detached_warmup", "loss": 0.10284824669361115, "grad_norm": 2.340946912765503, "learning_rates": {"ssr": 2e-05, "heads": 1e-05, "backbone": 5e-07}, "best_step": 250, "best_val_k3_point_rel": 0.06269239947141614, "elapsed_seconds": 629.8995727789588}
{"step": 375, "stage": "detached_warmup", "loss": 0.09693611040711403, "grad_norm": 2.8740270137786865, "learning_rates": {"ssr": 2e-05, "heads": 1e-05, "backbone": 5e-07}, "best_step": 250, "best_val_k3_point_rel": 0.06269239947141614, "elapsed_seconds": 673.4915089630522}
{"step": 400, "stage": "detached_warmup", "loss": 0.035314569249749184, "grad_norm": 0.8879975080490112, "learning_rates": {"ssr": 2e-05, "heads": 1e-05, "backbone": 5e-07}, "best_step": 250, "best_val_k3_point_rel": 0.06269239947141614, "elapsed_seconds": 716.3123049640562}
{"step": 425, "stage": "detached_warmup", "loss": 0.1298636794090271, "grad_norm": 3.2139761447906494, "learning_rates": {"ssr": 2e-05, "heads": 1e-05, "backbone": 5e-07}, "best_step": 250, "best_val_k3_point_rel": 0.06269239947141614, "elapsed_seconds": 758.7425243710168}
{"step": 450, "stage": "detached_warmup", "loss": 0.11001236364245415, "grad_norm": 1.8484941720962524, "learning_rates": {"ssr": 2e-05, "heads": 1e-05, "backbone": 5e-07}, "best_step": 250, "best_val_k3_point_rel": 0.06269239947141614, "elapsed_seconds": 801.4455526699312}
{"step": 475, "stage": "detached_warmup", "loss": 0.08704571425914764, "grad_norm": 1.038600206375122, "learning_rates": {"ssr": 2e-05, "heads": 1e-05, "backbone": 5e-07}, "best_step": 250, "best_val_k3_point_rel": 0.06269239947141614, "elapsed_seconds": 844.9481362630613}
{"step": 500, "stage": "detached_warmup", "loss": 0.15529919788241386, "grad_norm": 1.8731855154037476, "learning_rates": {"ssr": 2e-05, "heads": 1e-05, "backbone": 5e-07}, "best_step": 250, "best_val_k3_point_rel": 0.06269239947141614, "elapsed_seconds": 941.4776082639582}
{"step": 525, "stage": "joint", "loss": 0.030116066336631775, "grad_norm": 4.476878643035889, "learning_rates": {"ssr": 2e-05, "heads": 1e-05, "backbone": 5e-07}, "best_step": 250, "best_val_k3_point_rel": 0.06269239947141614, "elapsed_seconds": 978.1724295360036}
{"step": 550, "stage": "joint", "loss": 0.13815147429704666, "grad_norm": 9.888127326965332, "learning_rates": {"ssr": 2e-05, "heads": 1e-05, "backbone": 5e-07}, "best_step": 250, "best_val_k3_point_rel": 0.06269239947141614, "elapsed_seconds": 1015.4976877369918}
{"step": 575, "stage": "joint", "loss": 0.06644356995820999, "grad_norm": 5.338948726654053, "learning_rates": {"ssr": 2e-05, "heads": 1e-05, "backbone": 5e-07}, "best_step": 250, "best_val_k3_point_rel": 0.06269239947141614, "elapsed_seconds": 1052.5710913778748}
{"step": 600, "stage": "joint", "loss": 0.08414959907531738, "grad_norm": 5.734938144683838, "learning_rates": {"ssr": 2e-05, "heads": 1e-05, "backbone": 5e-07}, "best_step": 250, "best_val_k3_point_rel": 0.06269239947141614, "elapsed_seconds": 1089.2924323929474}
{"step": 625, "stage": "joint", "loss": 0.15693511068820953, "grad_norm": 7.437166213989258, "learning_rates": {"ssr": 2e-05, "heads": 1e-05, "backbone": 5e-07}, "best_step": 250, "best_val_k3_point_rel": 0.06269239947141614, "elapsed_seconds": 1126.0202727119904}
{"step": 650, "stage": "joint", "loss": 0.06907879188656807, "grad_norm": 9.366693496704102, "learning_rates": {"ssr": 2e-05, "heads": 1e-05, "backbone": 5e-07}, "best_step": 250, "best_val_k3_point_rel": 0.06269239947141614, "elapsed_seconds": 1162.3908840199}
{"step": 675, "stage": "joint", "loss": 0.04679634980857372, "grad_norm": 5.623617649078369, "learning_rates": {"ssr": 2e-05, "heads": 1e-05, "backbone": 5e-07}, "best_step": 250, "best_val_k3_point_rel": 0.06269239947141614, "elapsed_seconds": 1199.7719692080282}
{"step": 700, "stage": "joint", "loss": 0.06038351356983185, "grad_norm": 10.626176834106445, "learning_rates": {"ssr": 2e-05, "heads": 1e-05, "backbone": 5e-07}, "best_step": 250, "best_val_k3_point_rel": 0.06269239947141614, "elapsed_seconds": 1237.3728080019355}
{"step": 725, "stage": "joint", "loss": 0.11051643453538418, "grad_norm": 7.784196376800537, "learning_rates": {"ssr": 2e-05, "heads": 1e-05, "backbone": 5e-07}, "best_step": 250, "best_val_k3_point_rel": 0.06269239947141614, "elapsed_seconds": 1277.894976851996}
{"step": 750, "stage": "joint", "loss": 0.0966380387544632, "grad_norm": 7.006631851196289, "learning_rates": {"ssr": 2e-05, "heads": 1e-05, "backbone": 5e-07}, "best_step": 250, "best_val_k3_point_rel": 0.06269239947141614, "elapsed_seconds": 1367.9597681770101}
{"step": 775, "stage": "joint", "loss": 0.07879534736275673, "grad_norm": 7.836796283721924, "learning_rates": {"ssr": 2e-05, "heads": 1e-05, "backbone": 5e-07}, "best_step": 250, "best_val_k3_point_rel": 0.06269239947141614, "elapsed_seconds": 1405.114966752939}
{"step": 800, "stage": "joint", "loss": 0.18058206140995026, "grad_norm": 9.75452995300293, "learning_rates": {"ssr": 2e-05, "heads": 1e-05, "backbone": 5e-07}, "best_step": 250, "best_val_k3_point_rel": 0.06269239947141614, "elapsed_seconds": 1442.5084929568693}
{"step": 825, "stage": "joint", "loss": 0.09371238760650158, "grad_norm": 5.474617958068848, "learning_rates": {"ssr": 2e-05, "heads": 1e-05, "backbone": 5e-07}, "best_step": 250, "best_val_k3_point_rel": 0.06269239947141614, "elapsed_seconds": 1479.6146292078774}
{"step": 850, "stage": "joint", "loss": 0.055242035537958145, "grad_norm": 5.310360908508301, "learning_rates": {"ssr": 2e-05, "heads": 1e-05, "backbone": 5e-07}, "best_step": 250, "best_val_k3_point_rel": 0.06269239947141614, "elapsed_seconds": 1517.6738056079485}
{"step": 875, "stage": "joint", "loss": 0.057295987382531166, "grad_norm": 11.36233139038086, "learning_rates": {"ssr": 2e-05, "heads": 1e-05, "backbone": 5e-07}, "best_step": 250, "best_val_k3_point_rel": 0.06269239947141614, "elapsed_seconds": 1556.3529143549968}
{"step": 900, "stage": "joint", "loss": 0.07432344742119312, "grad_norm": 5.062447547912598, "learning_rates": {"ssr": 2e-05, "heads": 1e-05, "backbone": 5e-07}, "best_step": 250, "best_val_k3_point_rel": 0.06269239947141614, "elapsed_seconds": 1594.9672364969738}
{"step": 925, "stage": "joint", "loss": 0.08658993616700172, "grad_norm": 7.318891525268555, "learning_rates": {"ssr": 2e-05, "heads": 1e-05, "backbone": 5e-07}, "best_step": 250, "best_val_k3_point_rel": 0.06269239947141614, "elapsed_seconds": 1635.2849228510167}
{"step": 950, "stage": "joint", "loss": 0.07019442692399025, "grad_norm": 7.923965930938721, "learning_rates": {"ssr": 2e-05, "heads": 1e-05, "backbone": 5e-07}, "best_step": 250, "best_val_k3_point_rel": 0.06269239947141614, "elapsed_seconds": 1674.8129819878377}
{"step": 975, "stage": "joint", "loss": 0.13006181456148624, "grad_norm": 11.949539184570312, "learning_rates": {"ssr": 2e-05, "heads": 1e-05, "backbone": 5e-07}, "best_step": 250, "best_val_k3_point_rel": 0.06269239947141614, "elapsed_seconds": 1713.2357146348804}
{"step": 1000, "stage": "joint", "loss": 0.041788581758737564, "grad_norm": 5.455052852630615, "learning_rates": {"ssr": 2e-05, "heads": 1e-05, "backbone": 5e-07}, "best_step": 250, "best_val_k3_point_rel": 0.06269239947141614, "elapsed_seconds": 1802.0698288129643}
{"step": 1025, "stage": "joint", "loss": 0.15414873883128166, "grad_norm": 7.700997352600098, "learning_rates": {"ssr": 2e-05, "heads": 1e-05, "backbone": 5e-07}, "best_step": 250, "best_val_k3_point_rel": 0.06269239947141614, "elapsed_seconds": 1839.0016457219608}
{"step": 1050, "stage": "joint", "loss": 0.1015496551990509, "grad_norm": 7.826491355895996, "learning_rates": {"ssr": 2e-05, "heads": 1e-05, "backbone": 5e-07}, "best_step": 250, "best_val_k3_point_rel": 0.06269239947141614, "elapsed_seconds": 1876.1287866779603}
{"step": 1075, "stage": "joint", "loss": 0.12866166979074478, "grad_norm": 10.438850402832031, "learning_rates": {"ssr": 2e-05, "heads": 1e-05, "backbone": 5e-07}, "best_step": 250, "best_val_k3_point_rel": 0.06269239947141614, "elapsed_seconds": 1912.7165794358589}
{"step": 1100, "stage": "joint", "loss": 0.0702002439647913, "grad_norm": 28.098045349121094, "learning_rates": {"ssr": 2e-05, "heads": 1e-05, "backbone": 5e-07}, "best_step": 250, "best_val_k3_point_rel": 0.06269239947141614, "elapsed_seconds": 1949.2837046829518}
{"step": 1125, "stage": "joint", "loss": 0.1113587785512209, "grad_norm": 8.984621047973633, "learning_rates": {"ssr": 2e-05, "heads": 1e-05, "backbone": 5e-07}, "best_step": 250, "best_val_k3_point_rel": 0.06269239947141614, "elapsed_seconds": 1986.4248834350146}
{"step": 1150, "stage": "joint", "loss": 0.06766213662922382, "grad_norm": 5.094812870025635, "learning_rates": {"ssr": 2e-05, "heads": 1e-05, "backbone": 5e-07}, "best_step": 250, "best_val_k3_point_rel": 0.06269239947141614, "elapsed_seconds": 2023.9334552208893}
{"step": 1175, "stage": "joint", "loss": 0.06278660148382187, "grad_norm": 11.317283630371094, "learning_rates": {"ssr": 2e-05, "heads": 1e-05, "backbone": 5e-07}, "best_step": 250, "best_val_k3_point_rel": 0.06269239947141614, "elapsed_seconds": 2061.2218899070285}
{"step": 1200, "stage": "joint", "loss": 0.510848768055439, "grad_norm": 7.303175926208496, "learning_rates": {"ssr": 2e-05, "heads": 1e-05, "backbone": 5e-07}, "best_step": 250, "best_val_k3_point_rel": 0.06269239947141614, "elapsed_seconds": 2099.4687908568885}
{"step": 1225, "stage": "joint", "loss": 0.11083695665001869, "grad_norm": 12.135297775268555, "learning_rates": {"ssr": 2e-05, "heads": 1e-05, "backbone": 5e-07}, "best_step": 250, "best_val_k3_point_rel": 0.06269239947141614, "elapsed_seconds": 2137.1748191870283}
{"step": 1250, "stage": "joint", "loss": 0.1864595077931881, "grad_norm": 14.42228889465332, "learning_rates": {"ssr": 2e-05, "heads": 1e-05, "backbone": 5e-07}, "best_step": 250, "best_val_k3_point_rel": 0.06269239947141614, "elapsed_seconds": 2226.7647409059573}
{"step": 1275, "stage": "joint", "loss": 0.10834584385156631, "grad_norm": 9.557246208190918, "learning_rates": {"ssr": 2e-05, "heads": 1e-05, "backbone": 5e-07}, "best_step": 250, "best_val_k3_point_rel": 0.06269239947141614, "elapsed_seconds": 2265.1672891359776}
{"step": 1300, "stage": "joint", "loss": 0.061985934153199196, "grad_norm": 7.279001712799072, "learning_rates": {"ssr": 2e-05, "heads": 1e-05, "backbone": 5e-07}, "best_step": 250, "best_val_k3_point_rel": 0.06269239947141614, "elapsed_seconds": 2303.8277629408985}
{"step": 1325, "stage": "joint", "loss": 0.09136263839900494, "grad_norm": 15.014692306518555, "learning_rates": {"ssr": 2e-05, "heads": 1e-05, "backbone": 5e-07}, "best_step": 250, "best_val_k3_point_rel": 0.06269239947141614, "elapsed_seconds": 2341.855273624882}
{"step": 1350, "stage": "joint", "loss": 0.20916849002242088, "grad_norm": 24.18777084350586, "learning_rates": {"ssr": 2e-05, "heads": 1e-05, "backbone": 5e-07}, "best_step": 250, "best_val_k3_point_rel": 0.06269239947141614, "elapsed_seconds": 2379.614300264977}
{"step": 1375, "stage": "joint", "loss": 0.056400690227746964, "grad_norm": 4.7412238121032715, "learning_rates": {"ssr": 2e-05, "heads": 1e-05, "backbone": 5e-07}, "best_step": 250, "best_val_k3_point_rel": 0.06269239947141614, "elapsed_seconds": 2417.5313962819055}
{"step": 1400, "stage": "joint", "loss": 0.08646785281598568, "grad_norm": 7.403352737426758, "learning_rates": {"ssr": 2e-05, "heads": 1e-05, "backbone": 5e-07}, "best_step": 250, "best_val_k3_point_rel": 0.06269239947141614, "elapsed_seconds": 2455.792597030988}
{"step": 1425, "stage": "joint", "loss": 0.06997149623930454, "grad_norm": 8.433652877807617, "learning_rates": {"ssr": 2e-05, "heads": 1e-05, "backbone": 5e-07}, "best_step": 250, "best_val_k3_point_rel": 0.06269239947141614, "elapsed_seconds": 2493.437260581879}
{"step": 1450, "stage": "joint", "loss": 0.051559826359152794, "grad_norm": 5.257449150085449, "learning_rates": {"ssr": 2e-05, "heads": 1e-05, "backbone": 5e-07}, "best_step": 250, "best_val_k3_point_rel": 0.06269239947141614, "elapsed_seconds": 2530.6374142610002}
{"step": 1475, "stage": "joint", "loss": 0.08091723546385765, "grad_norm": 4.379847049713135, "learning_rates": {"ssr": 2e-05, "heads": 1e-05, "backbone": 5e-07}, "best_step": 250, "best_val_k3_point_rel": 0.06269239947141614, "elapsed_seconds": 2568.2731008350383}
{"step": 1500, "stage": "joint", "loss": 0.08527130633592606, "grad_norm": 11.007354736328125, "learning_rates": {"ssr": 2e-05, "heads": 1e-05, "backbone": 5e-07}, "best_step": 250, "best_val_k3_point_rel": 0.06269239947141614, "elapsed_seconds": 2656.643004182959}
{"step": 1525, "stage": "joint", "loss": 0.06096303649246693, "grad_norm": 11.612577438354492, "learning_rates": {"ssr": 2e-05, "heads": 1e-05, "backbone": 5e-07}, "best_step": 250, "best_val_k3_point_rel": 0.06269239947141614, "elapsed_seconds": 2693.6480099288747}
{"step": 1550, "stage": "joint", "loss": 0.06968967616558075, "grad_norm": 7.085320472717285, "learning_rates": {"ssr": 2e-05, "heads": 1e-05, "backbone": 5e-07}, "best_step": 250, "best_val_k3_point_rel": 0.06269239947141614, "elapsed_seconds": 2731.4602926920634}
{"step": 1575, "stage": "joint", "loss": 0.6723847631365061, "grad_norm": 6.72877311706543, "learning_rates": {"ssr": 2e-05, "heads": 1e-05, "backbone": 5e-07}, "best_step": 250, "best_val_k3_point_rel": 0.06269239947141614, "elapsed_seconds": 2768.962676693918}
{"step": 1600, "stage": "joint", "loss": 0.04006003309041262, "grad_norm": 7.758776664733887, "learning_rates": {"ssr": 2e-05, "heads": 1e-05, "backbone": 5e-07}, "best_step": 250, "best_val_k3_point_rel": 0.06269239947141614, "elapsed_seconds": 2807.0643594330177}
{"step": 1625, "stage": "joint", "loss": 0.14792126789689064, "grad_norm": 15.057048797607422, "learning_rates": {"ssr": 2e-05, "heads": 1e-05, "backbone": 5e-07}, "best_step": 250, "best_val_k3_point_rel": 0.06269239947141614, "elapsed_seconds": 2844.6406674229074}
{"step": 1650, "stage": "joint", "loss": 0.038661837577819824, "grad_norm": 4.320326805114746, "learning_rates": {"ssr": 2e-05, "heads": 1e-05, "backbone": 5e-07}, "best_step": 250, "best_val_k3_point_rel": 0.06269239947141614, "elapsed_seconds": 2881.481340985978}
{"step": 1675, "stage": "joint", "loss": 0.05203442648053169, "grad_norm": 4.521078109741211, "learning_rates": {"ssr": 2e-05, "heads": 1e-05, "backbone": 5e-07}, "best_step": 250, "best_val_k3_point_rel": 0.06269239947141614, "elapsed_seconds": 2918.6474218049552}
{"step": 1700, "stage": "joint", "loss": 0.07177704572677612, "grad_norm": 9.01623821258545, "learning_rates": {"ssr": 2e-05, "heads": 1e-05, "backbone": 5e-07}, "best_step": 250, "best_val_k3_point_rel": 0.06269239947141614, "elapsed_seconds": 2955.5895168690477}
{"step": 1725, "stage": "joint", "loss": 0.08132948726415634, "grad_norm": 12.556577682495117, "learning_rates": {"ssr": 2e-05, "heads": 1e-05, "backbone": 5e-07}, "best_step": 250, "best_val_k3_point_rel": 0.06269239947141614, "elapsed_seconds": 2992.6145443238784}
{"step": 1750, "stage": "joint", "loss": 0.03782101534307003, "grad_norm": 10.92906379699707, "learning_rates": {"ssr": 2e-05, "heads": 1e-05, "backbone": 5e-07}, "best_step": 250, "best_val_k3_point_rel": 0.06269239947141614, "elapsed_seconds": 3081.095619268017}
{"step": 1775, "stage": "joint", "loss": 0.7608276307582855, "grad_norm": 7.760219573974609, "learning_rates": {"ssr": 2e-05, "heads": 1e-05, "backbone": 5e-07}, "best_step": 250, "best_val_k3_point_rel": 0.06269239947141614, "elapsed_seconds": 3119.6326208240353}
{"step": 1800, "stage": "joint", "loss": 0.143276646733284, "grad_norm": 13.169896125793457, "learning_rates": {"ssr": 2e-05, "heads": 1e-05, "backbone": 5e-07}, "best_step": 250, "best_val_k3_point_rel": 0.06269239947141614, "elapsed_seconds": 3158.16832690686}
{"step": 1825, "stage": "joint", "loss": 0.06202861852943897, "grad_norm": 8.877829551696777, "learning_rates": {"ssr": 2e-05, "heads": 1e-05, "backbone": 5e-07}, "best_step": 250, "best_val_k3_point_rel": 0.06269239947141614, "elapsed_seconds": 3195.5259375639725}
{"step": 1850, "stage": "joint", "loss": 0.0728573426604271, "grad_norm": 10.874831199645996, "learning_rates": {"ssr": 2e-05, "heads": 1e-05, "backbone": 5e-07}, "best_step": 250, "best_val_k3_point_rel": 0.06269239947141614, "elapsed_seconds": 3232.1976006089244}
{"step": 1875, "stage": "joint", "loss": 0.07749452814459801, "grad_norm": 14.74588394165039, "learning_rates": {"ssr": 2e-05, "heads": 1e-05, "backbone": 5e-07}, "best_step": 250, "best_val_k3_point_rel": 0.06269239947141614, "elapsed_seconds": 3270.5771789848804}
{"step": 1900, "stage": "joint", "loss": 0.0607876293361187, "grad_norm": 4.709637641906738, "learning_rates": {"ssr": 2e-05, "heads": 1e-05, "backbone": 5e-07}, "best_step": 250, "best_val_k3_point_rel": 0.06269239947141614, "elapsed_seconds": 3307.5867432488594}
{"step": 1925, "stage": "joint", "loss": 0.09778772853314877, "grad_norm": 12.182618141174316, "learning_rates": {"ssr": 2e-05, "heads": 1e-05, "backbone": 5e-07}, "best_step": 250, "best_val_k3_point_rel": 0.06269239947141614, "elapsed_seconds": 3344.762775704963}
{"step": 1950, "stage": "joint", "loss": 0.4390704035758972, "grad_norm": 10.119586944580078, "learning_rates": {"ssr": 2e-05, "heads": 1e-05, "backbone": 5e-07}, "best_step": 250, "best_val_k3_point_rel": 0.06269239947141614, "elapsed_seconds": 3381.8784806199837}
{"step": 1975, "stage": "joint", "loss": 0.16073008626699448, "grad_norm": 17.17347526550293, "learning_rates": {"ssr": 2e-05, "heads": 1e-05, "backbone": 5e-07}, "best_step": 250, "best_val_k3_point_rel": 0.06269239947141614, "elapsed_seconds": 3418.707312028855}
{"step": 2000, "stage": "joint", "loss": 0.06946664303541183, "grad_norm": 10.598918914794922, "learning_rates": {"ssr": 2e-05, "heads": 1e-05, "backbone": 5e-07}, "best_step": 250, "best_val_k3_point_rel": 0.06269239947141614, "elapsed_seconds": 3506.770796232857}
{"step": 2025, "stage": "joint", "loss": 0.03958959877490997, "grad_norm": 8.910609245300293, "learning_rates": {"ssr": 2e-05, "heads": 1e-05, "backbone": 5e-07}, "best_step": 250, "best_val_k3_point_rel": 0.06269239947141614, "elapsed_seconds": 3544.331532448996}
{"step": 2050, "stage": "joint", "loss": 0.11775900050997734, "grad_norm": 13.40170955657959, "learning_rates": {"ssr": 2e-05, "heads": 1e-05, "backbone": 5e-07}, "best_step": 250, "best_val_k3_point_rel": 0.06269239947141614, "elapsed_seconds": 3581.47861807188}
{"step": 2075, "stage": "joint", "loss": 0.08573419321328402, "grad_norm": 11.435507774353027, "learning_rates": {"ssr": 2e-05, "heads": 1e-05, "backbone": 5e-07}, "best_step": 250, "best_val_k3_point_rel": 0.06269239947141614, "elapsed_seconds": 3619.5163330340292}
{"step": 2100, "stage": "joint", "loss": 0.3244343250989914, "grad_norm": 13.18753433227539, "learning_rates": {"ssr": 2e-05, "heads": 1e-05, "backbone": 5e-07}, "best_step": 250, "best_val_k3_point_rel": 0.06269239947141614, "elapsed_seconds": 3656.5508648520336}
{"step": 2125, "stage": "joint", "loss": 0.06392330676317215, "grad_norm": 5.765396595001221, "learning_rates": {"ssr": 2e-05, "heads": 1e-05, "backbone": 5e-07}, "best_step": 250, "best_val_k3_point_rel": 0.06269239947141614, "elapsed_seconds": 3694.8826252508443}
{"step": 2150, "stage": "joint", "loss": 0.29410408809781075, "grad_norm": 14.74390697479248, "learning_rates": {"ssr": 2e-05, "heads": 1e-05, "backbone": 5e-07}, "best_step": 250, "best_val_k3_point_rel": 0.06269239947141614, "elapsed_seconds": 3732.2996645879466}
{"step": 2175, "stage": "joint", "loss": 0.08976494893431664, "grad_norm": 13.145478248596191, "learning_rates": {"ssr": 2e-05, "heads": 1e-05, "backbone": 5e-07}, "best_step": 250, "best_val_k3_point_rel": 0.06269239947141614, "elapsed_seconds": 3771.7369567200076}
{"step": 2200, "stage": "joint", "loss": 0.10565494000911713, "grad_norm": 28.369705200195312, "learning_rates": {"ssr": 2e-05, "heads": 1e-05, "backbone": 5e-07}, "best_step": 250, "best_val_k3_point_rel": 0.06269239947141614, "elapsed_seconds": 3810.5078518048394}
{"step": 2225, "stage": "joint", "loss": 0.049308850429952145, "grad_norm": 10.362785339355469, "learning_rates": {"ssr": 2e-05, "heads": 1e-05, "backbone": 5e-07}, "best_step": 250, "best_val_k3_point_rel": 0.06269239947141614, "elapsed_seconds": 3848.4413894999307}
{"step": 2250, "stage": "joint", "loss": 0.10248831287026405, "grad_norm": 16.379745483398438, "learning_rates": {"ssr": 2e-05, "heads": 1e-05, "backbone": 5e-07}, "best_step": 250, "best_val_k3_point_rel": 0.06269239947141614, "elapsed_seconds": 3938.6082808598876}
{"step": 2275, "stage": "joint", "loss": 0.10930823162198067, "grad_norm": 23.938892364501953, "learning_rates": {"ssr": 2e-05, "heads": 1e-05, "backbone": 5e-07}, "best_step": 250, "best_val_k3_point_rel": 0.06269239947141614, "elapsed_seconds": 3976.417129288893}
{"step": 2300, "stage": "joint", "loss": 0.10828950256109238, "grad_norm": 14.214065551757812, "learning_rates": {"ssr": 2e-05, "heads": 1e-05, "backbone": 5e-07}, "best_step": 250, "best_val_k3_point_rel": 0.06269239947141614, "elapsed_seconds": 4014.883065929869}
{"step": 2325, "stage": "joint", "loss": 0.08891776204109192, "grad_norm": 12.51528263092041, "learning_rates": {"ssr": 2e-05, "heads": 1e-05, "backbone": 5e-07}, "best_step": 250, "best_val_k3_point_rel": 0.06269239947141614, "elapsed_seconds": 4054.029994078912}
{"step": 2350, "stage": "joint", "loss": 0.1313476823270321, "grad_norm": 14.33704948425293, "learning_rates": {"ssr": 2e-05, "heads": 1e-05, "backbone": 5e-07}, "best_step": 250, "best_val_k3_point_rel": 0.06269239947141614, "elapsed_seconds": 4093.3621952298563}
{"step": 2375, "stage": "joint", "loss": 0.7453903146088123, "grad_norm": 26.255748748779297, "learning_rates": {"ssr": 2e-05, "heads": 1e-05, "backbone": 5e-07}, "best_step": 250, "best_val_k3_point_rel": 0.06269239947141614, "elapsed_seconds": 4132.157202651957}
{"step": 2400, "stage": "joint", "loss": 0.12568709254264832, "grad_norm": 14.583866119384766, "learning_rates": {"ssr": 2e-05, "heads": 1e-05, "backbone": 5e-07}, "best_step": 250, "best_val_k3_point_rel": 0.06269239947141614, "elapsed_seconds": 4171.355557347881}
{"step": 2425, "stage": "joint", "loss": 0.24024507775902748, "grad_norm": 50.348167419433594, "learning_rates": {"ssr": 2e-05, "heads": 1e-05, "backbone": 5e-07}, "best_step": 250, "best_val_k3_point_rel": 0.06269239947141614, "elapsed_seconds": 4209.602757646004}
{"step": 2450, "stage": "joint", "loss": 0.10907653346657753, "grad_norm": 15.118941307067871, "learning_rates": {"ssr": 2e-05, "heads": 1e-05, "backbone": 5e-07}, "best_step": 250, "best_val_k3_point_rel": 0.06269239947141614, "elapsed_seconds": 4248.542981124017}
{"step": 2475, "stage": "joint", "loss": 0.1390097290277481, "grad_norm": 42.829917907714844, "learning_rates": {"ssr": 2e-05, "heads": 1e-05, "backbone": 5e-07}, "best_step": 250, "best_val_k3_point_rel": 0.06269239947141614, "elapsed_seconds": 4287.731345007895}
{"step": 2500, "stage": "joint", "loss": 0.12332078441977501, "grad_norm": 23.622339248657227, "learning_rates": {"ssr": 2e-05, "heads": 1e-05, "backbone": 5e-07}, "best_step": 250, "best_val_k3_point_rel": 0.06269239947141614, "elapsed_seconds": 4378.886226051021}
{"status": "complete", "experiment": "Hypersim two-stage joint MoGe-3 fine-tuning", "paper_alignment": {"base_and_ssr_jointly_optimized": true, "refiner_detached_during_warmup": true, "dino_bfloat16_geometry_float32": true, "normal_prediction": false, "synthetic_only_controlled_screen": true, "real_data_routing_exercised": false}, "counts": {"train": 320, "val": 64, "test": 64}, "shape": [384, 512], "num_tokens": 2500, "optimization_steps": 2500, "refiner_detach_steps": 500, "backbone_freeze_steps": 100, "backbone_warmup_end": 200, "learning_rates": {"ssr": 2e-05, "heads": 1e-05, "backbone": 5e-07}, "batch_size": 2, "microbatch_size": 1, "best_step": 250, "best_val_k3_point_rel": 0.06269239947141614, "initial_periodic": {"0": {"train": {"point_rel": 0.06090342369861901, "depth_rel": 0.05411726098100189, "depth_delta_1.01": 0.34023498857277445, "depth_delta_1.25": 0.942622453905642, "boundary_f1": 0.8085876451805234}, "val": {"point_rel": 0.06414470527670346, "depth_rel": 0.05565687808848452, "depth_delta_1.01": 0.3344591731438413, "depth_delta_1.25": 0.945982662960887, "boundary_f1": 0.8234827499836683}}, "3": {"train": {"point_rel": 0.06090342369861901, "depth_rel": 0.05411726098100189, "depth_delta_1.01": 0.34023498857277445, "depth_delta_1.25": 0.942622453905642, "boundary_f1": 0.8085876451805234}, "val": {"point_rel": 0.06414470527670346, "depth_rel": 0.05565687808848452, "depth_delta_1.01": 0.3344591731438413, "depth_delta_1.25": 0.945982662960887, "boundary_f1": 0.8234827499836683}}}, "latest_periodic": {"0": {"train": {"point_rel": 0.10730596983921714, "depth_rel": 0.09652121480030473, "depth_delta_1.01": 0.22995933995116502, "depth_delta_1.25": 0.9220162704586983, "boundary_f1": 0.7335556880570948}, "val": {"point_rel": 0.09677848048158921, "depth_rel": 0.08362066466361284, "depth_delta_1.01": 0.13300493243150413, "depth_delta_1.25": 0.9096110071986914, "boundary_f1": 0.7116849860176444}}, "3": {"train": {"point_rel": 0.10575105450698175, "depth_rel": 0.09524857715587132, "depth_delta_1.01": 0.251484077074565, "depth_delta_1.25": 0.9213426923379302, "boundary_f1": 0.734353007748723}, "val": {"point_rel": 0.09522506140638143, "depth_rel": 0.08232938387664035, "depth_delta_1.01": 0.1409749831946101, "depth_delta_1.25": 0.9117610333487391, "boundary_f1": 0.709743604529649}}}, "initial_loss": 1.1551441550254822, "final_loss": 0.12332078441977501, "training_seconds_including_periodic_eval": 4378.886400040006, "total_seconds": 4453.941960075172, "peak_memory_bytes": 16002554368, "resumed_from": null, "cuda_visible_devices": "3", "artifacts": {"best_checkpoint": "checkpoint.pt", "latest_checkpoint": "latest_checkpoint.pt", "resume_checkpoint": "resume_checkpoint.pt", "training_history": "training_history.csv", "evaluation_history": "evaluation_history.csv", "training_curves": "training_curves.png"}}
