W0728 17:56:06.318000 1494430 site-packages/torch/distributed/run.py:774]
W0728 17:56:06.318000 1494430 site-packages/torch/distributed/run.py:774] *****************************************
W0728 17:56:06.318000 1494430 site-packages/torch/distributed/run.py:774] Setting OMP_NUM_THREADS environment variable for each process to be 1 in default, to avoid your system being overloaded, please further tune the variable for optimal performance in your application as needed.
W0728 17:56:06.318000 1494430 site-packages/torch/distributed/run.py:774] *****************************************
W0728 17:56:10.738000 1494430 site-packages/torch/distributed/elastic/multiprocessing/api.py:900] Sending process 1494554 closing signal SIGTERM
E0728 17:56:11.605000 1494430 site-packages/torch/distributed/elastic/multiprocessing/api.py:874] failed (exitcode: -11) local_rank: 0 (pid: 1494553) of binary: /mnt/data/home/zhuzichao/2026_TPAMI_InfiniGeometry/envs/moge3/bin/python
Traceback (most recent call last):
  File "/mnt/data/home/zhuzichao/2026_TPAMI_InfiniGeometry/envs/moge3/bin/torchrun", line 6, in <module>
    sys.exit(main())
             ^^^^^^
  File "/mnt/data/home/zhuzichao/2026_TPAMI_InfiniGeometry/envs/moge3/lib/python3.12/site-packages/torch/distributed/elastic/multiprocessing/errors/__init__.py", line 357, in wrapper
    return f(*args, **kwargs)
           ^^^^^^^^^^^^^^^^^^
  File "/mnt/data/home/zhuzichao/2026_TPAMI_InfiniGeometry/envs/moge3/lib/python3.12/site-packages/torch/distributed/run.py", line 901, in main
    run(args)
  File "/mnt/data/home/zhuzichao/2026_TPAMI_InfiniGeometry/envs/moge3/lib/python3.12/site-packages/torch/distributed/run.py", line 892, in run
    elastic_launch(
  File "/mnt/data/home/zhuzichao/2026_TPAMI_InfiniGeometry/envs/moge3/lib/python3.12/site-packages/torch/distributed/launcher/api.py", line 143, in __call__
    return launch_agent(self._config, self._entrypoint, list(args))
           ^^^^^^^^^^^^^^^^^^^^^^^^^^^^^^^^^^^^^^^^^^^^^^^^^^^^^^^^
  File "/mnt/data/home/zhuzichao/2026_TPAMI_InfiniGeometry/envs/moge3/lib/python3.12/site-packages/torch/distributed/launcher/api.py", line 277, in launch_agent
    raise ChildFailedError(
torch.distributed.elastic.multiprocessing.errors.ChildFailedError:
=========================================================
moge.scripts.train_hypersim_joint_v3 FAILED
---------------------------------------------------------
Failures:
  <NO_OTHER_FAILURES>
---------------------------------------------------------
Root Cause (first observed failure):
[0]:
  time      : 2026-07-28_17:56:10
  host      : ZJU3DV-4090
  rank      : 0 (local_rank: 0)
  exitcode  : -11 (pid: 1494553)
  error_file: <N/A>
  traceback : Signal 11 (SIGSEGV) received by PID 1494553
=========================================================
